// Jest Snapshot v1, https://goo.gl/fbAQLP

exports[`ShowText  1`] = `
<div>
  <div
    class="text"
  >
    hello world!
  </div>
</div>
`;
